------------------------------------------------------------
TimeQuest Timing Analyzer Summary
------------------------------------------------------------

Type  : Slow 1200mV 100C Model Setup 'pll|altpll_component|auto_generated|pll1|clk[0]'
Slack : 35.814
TNS   : 0.000

Type  : Slow 1200mV 100C Model Hold 'pll|altpll_component|auto_generated|pll1|clk[0]'
Slack : 0.418
TNS   : 0.000

Type  : Slow 1200mV 100C Model Minimum Pulse Width 'CLOCK_27[0]'
Slack : 18.329
TNS   : 0.000

Type  : Slow 1200mV 100C Model Minimum Pulse Width 'pll|altpll_component|auto_generated|pll1|clk[0]'
Slack : 19.587
TNS   : 0.000

Type  : Slow 1200mV -40C Model Setup 'pll|altpll_component|auto_generated|pll1|clk[0]'
Slack : 36.216
TNS   : 0.000

Type  : Slow 1200mV -40C Model Hold 'pll|altpll_component|auto_generated|pll1|clk[0]'
Slack : 0.344
TNS   : 0.000

Type  : Slow 1200mV -40C Model Minimum Pulse Width 'CLOCK_27[0]'
Slack : 18.319
TNS   : 0.000

Type  : Slow 1200mV -40C Model Minimum Pulse Width 'pll|altpll_component|auto_generated|pll1|clk[0]'
Slack : 19.583
TNS   : 0.000

Type  : Fast 1200mV -40C Model Setup 'pll|altpll_component|auto_generated|pll1|clk[0]'
Slack : 37.940
TNS   : 0.000

Type  : Fast 1200mV -40C Model Hold 'pll|altpll_component|auto_generated|pll1|clk[0]'
Slack : 0.180
TNS   : 0.000

Type  : Fast 1200mV -40C Model Minimum Pulse Width 'CLOCK_27[0]'
Slack : 17.957
TNS   : 0.000

Type  : Fast 1200mV -40C Model Minimum Pulse Width 'pll|altpll_component|auto_generated|pll1|clk[0]'
Slack : 19.654
TNS   : 0.000

------------------------------------------------------------
